// Vitest Snapshot v1, https://vitest.dev/guide/snapshot.html

exports[`CreateEvidenceFormActions > matches snapshot 1`] = `
<footer
  class="MuiBox-root css-1ydewm6"
>
  <div
    class="MuiBox-root css-1op06d6"
  >
    <button
      class="MuiButtonBase-root MuiButton-root MuiButton-outlined MuiButton-outlinedPrimary MuiButton-sizeMedium MuiButton-outlinedSizeMedium MuiButton-colorPrimary MuiButton-root MuiButton-outlined MuiButton-outlinedPrimary MuiButton-sizeMedium MuiButton-outlinedSizeMedium MuiButton-colorPrimary css-166kxdb-MuiButtonBase-root-MuiButton-root"
      tabindex="0"
      type="button"
    >
      Descartar indício
    </button>
    <button
      class="MuiButtonBase-root MuiButton-root MuiButton-contained MuiButton-containedPrimary MuiButton-sizeMedium MuiButton-containedSizeMedium MuiButton-colorPrimary MuiButton-root MuiButton-contained MuiButton-containedPrimary MuiButton-sizeMedium MuiButton-containedSizeMedium MuiButton-colorPrimary css-1csief9-MuiButtonBase-root-MuiButton-root"
      tabindex="0"
      type="button"
    >
      <span
        class="MuiButton-loadingWrapper"
        style="display: contents;"
      />
      Criar
    </button>
  </div>
</footer>
`;
