// Vitest Snapshot v1, https://vitest.dev/guide/snapshot.html

exports[`SimilarDataAlert > matches snapshot 1`] = `
<div
  class="MuiBox-root css-1jtvk0w"
>
  <svg
    class="MuiBox-root css-rk5ga9"
    fill="none"
    viewBox="0 0 24 24"
  >
    <path
      d="M12 9v2m0 4h.01m-6.938 4h13.856c1.54 0 2.502-1.667 1.732-3L13.732 4c-.77-1.333-2.694-1.333-3.464 0L3.34 16c-.77 1.333.192 3 1.732 3z"
      stroke="currentColor"
      stroke-linecap="round"
      stroke-linejoin="round"
      stroke-width="2"
    />
  </svg>
  <div
    class="MuiBox-root css-1rr4qq7"
  >
    <p
      class="MuiBox-root css-rs29z5"
    >
      Os dados com alerta são semelhantes aos de um indicio já reportado. Garanta que não ocorra o reporte duplicado de um indicio.
    </p>
    <p
      class="MuiBox-root css-dpoqzr"
    >
      Caso o indicio seja único, mesmo que com dados semelhantes, ele pode ser reportado normalmente.
    </p>
  </div>
</div>
`;
